src/App.tsx(2,8): error TS6133: 'React' is declared but its value is never read.
src/App.tsx(2,28): error TS1484: 'ErrorInfo' is a type and must be imported using a type-only import when 'verbatimModuleSyntax' is enabled.
src/App.tsx(2,39): error TS1484: 'ReactNode' is a type and must be imported using a type-only import when 'verbatimModuleSyntax' is enabled.
src/core/kpi.test.ts(6,8): error TS6133: 'LineClearKind' is declared but its value is never read.
src/core/kpi.test.ts(105,11): error TS6133: 'window' is declared but its value is never read.
src/core/pieceQueue.test.ts(7,8): error TS6133: 'PieceQueueState' is declared but its value is never read.
src/core/pieceQueue.test.ts(125,11): error TS6133: 'currentAfterFirst' is declared but its value is never read.
src/ui/components/AiInfoPanel.tsx(2,10): error TS1484: 'AiMoveRecommendation' is a type and must be imported using a type-only import when 'verbatimModuleSyntax' is enabled.
src/ui/components/AiInfoPanel.tsx(2,32): error TS1484: 'AiSearchDebugInfo' is a type and must be imported using a type-only import when 'verbatimModuleSyntax' is enabled.
src/ui/components/AiInfoPanel.tsx(2,51): error TS1484: 'AiSearchConfig' is a type and must be imported using a type-only import when 'verbatimModuleSyntax' is enabled.
src/ui/components/ScoreBoard.tsx(2,10): error TS1484: 'KpiState' is a type and must be imported using a type-only import when 'verbatimModuleSyntax' is enabled.
vite.config.ts(9,3): error TS2769: No overload matches this call.
  The last overload gave the following error.
    Object literal may only specify known properties, and 'test' does not exist in type 'UserConfigExport'.
